// Jest Snapshot v1, https://goo.gl/fbAQLP

exports[`Displaying out puts 1`] = `<calculate />`;
